<html>
<body>
<pre>
<h1>µVision Build Log</h1>
<h2>Tool Versions:</h2>
IDE-Version: ÂµVision V5.14.0.0
Copyright (C) 2015 ARM Ltd and ARM Germany GmbH. All rights reserved.
License Information: Jim TSUi, 123, LIC=EXJWF-6N2FQ-TGS7T-RK0RT-J0CQF-IWNI7
 
Tool Versions:
Toolchain:       MDK-ARM Standard  Version: 5.14.0.0
Toolchain Path:  C:\Keil_v5\ARM\ARMCC\Bin
C Compiler:      Armcc.exe V5.05 update 1 (build 106)
Assembler:       Armasm.exe V5.05 update 1 (build 106)
Linker/Locator:  ArmLink.exe V5.05 update 1 (build 106)
Library Manager: ArmAr.exe V5.05 update 1 (build 106)
Hex Converter:   FromElf.exe V5.05 update 1 (build 106)
CPU DLL:         SARMCM3.DLL V5.14.0.0
Dialog DLL:      DCM.DLL V1.13.1.0
Target DLL:      Segger\JL2CM3.dll V2.99.13.0
Dialog DLL:      TCM.DLL V1.14.4.0
 
<h2>Project:</h2>
c:\Users\TSUi\Documents\YueQian\lib\STM32\LVGL\lvgl-9.5.0\main.uvprojx
Project File Date:  03/13/2026

<h2>Output:</h2>
Build target 'Target 1'
compiling lv_port_indev.c...
examples\porting\lv_port_indev.c(469): warning:  #550-D: variable "card_size" was set but never used
      u8 status, card_size;
examples\porting\lv_port_indev.c(272): warning:  #177-D: function "mouse_init" was declared but never referenced
  static void mouse_init(void)
examples\porting\lv_port_indev.c(278): warning:  #177-D: function "mouse_read" was declared but never referenced
  static void mouse_read(lv_indev_t * indev_drv, lv_indev_data_t * data)
examples\porting\lv_port_indev.c(314): warning:  #177-D: function "keypad_init" was declared but never referenced
  static void keypad_init(void)
examples\porting\lv_port_indev.c(320): warning:  #177-D: function "keypad_read" was declared but never referenced
  static void keypad_read(lv_indev_t * indev_drv, lv_indev_data_t * data)
examples\porting\lv_port_indev.c(373): warning:  #177-D: function "encoder_init" was declared but never referenced
  static void encoder_init(void)
examples\porting\lv_port_indev.c(379): warning:  #177-D: function "encoder_read" was declared but never referenced
  static void encoder_read(lv_indev_t * indev_drv, lv_indev_data_t * data)
examples\porting\lv_port_indev.c(387): warning:  #177-D: function "encoder_handler" was declared but never referenced
  static void encoder_handler(void)
examples\porting\lv_port_indev.c: 8 warnings, 0 errors
linking...
Program Size: Code=254212 RO-data=66904 RW-data=360 ZI-data=86984  
".\Objects\main.axf" - 0 Error(s), 8 Warning(s).

<h2>Software Packages used:</h2>

Package Vendor: ARM
                http://www.keil.com/pack/ARM.CMSIS.4.2.0.pack
                ARM::CMSIS:CORE:3.40.0
                CMSIS (Cortex Microcontroller Software Interface Standard)
   * Component: CORE Version: 3.40.0

Package Vendor: Keil
                http://www.keil.com/pack/Keil.STM32F4xx_DFP.1.0.8.pack
                Keil::Device:StdPeriph Drivers:Framework:1.3.1
                STMicroelectronics STM32F4 Series Device Support, Drivers and Examples
   * Component: Framework Version: 1.3.1
   * Component: Startup Version: 1.3.1
   * Component: ADC Version: 1.3.0
   * Component: RCC Version: 1.3.0
   * Component: TIM Version: 1.3.0
   * Component: USART Version: 1.3.0
   * Component: GPIO Version: 1.3.0
   * Component: FSMC Version: 1.3.0

<h2>Collection of Component include folders:</h2>
  c:\Users\TSUi\Documents\YueQian\lib\STM32\LVGL\lvgl-9.5.0\RTE
  c:\Users\TSUi\Documents\YueQian\lib\STM32\LVGL\lvgl-9.5.0\RTE\Device\STM32F407ZE
  C:\Keil_v5\ARM\PACK\ARM\CMSIS\4.2.0\CMSIS\Include
  C:\Keil_v5\ARM\PACK\Keil\STM32F4xx_DFP\1.0.8\Device\Include
  C:\Keil_v5\ARM\PACK\Keil\STM32F4xx_DFP\1.0.8\Device\StdPeriph_Driver\inc

<h2>Collection of Component Files used:</h2>

   * Component: ARM::CMSIS:CORE:3.40.0
      Source file:   CMSIS\UserCodeTemplates\ARM\ITM_Retarget.c

   * Component: Keil::Device:StdPeriph Drivers:Framework:1.3.1
      Include file:  Device\StdPeriph_Driver\templates\stm32f4xx_it.h
      Source file:   Device\StdPeriph_Driver\templates\stm32f4xx_conf.h
      Source file:   Device\StdPeriph_Driver\templates\stm32f4xx_it.c
      Source file:   Device\StdPeriph_Driver\src\misc.c

   * Component: Keil::Device:Startup:1.3.1
      Include file:  Device\Include\stm32f4xx.h
      Source file:   Device\Source\system_stm32f4xx.c
      Include file:  RTE_Driver\Config\RTE_Device.h
      Source file:   Device\Source\ARM\startup_stm32f40_41xxx.s
      Source file:   Device\Source\ARM\STM32F40xxx_41xxx_OPT.s
      Source file:   Device\Source\ARM\STM32F4xx_OTP.s

   * Component: Keil::Device:StdPeriph Drivers:ADC:1.3.0
      Source file:   Device\StdPeriph_Driver\src\stm32f4xx_adc.c
      Include file:  Device\StdPeriph_Driver\inc\stm32f4xx_adc.h

   * Component: Keil::Device:StdPeriph Drivers:RCC:1.3.0
      Source file:   Device\StdPeriph_Driver\src\stm32f4xx_rcc.c
      Include file:  Device\StdPeriph_Driver\inc\stm32f4xx_rcc.h

   * Component: Keil::Device:StdPeriph Drivers:TIM:1.3.0
      Source file:   Device\StdPeriph_Driver\src\stm32f4xx_tim.c
      Include file:  Device\StdPeriph_Driver\inc\stm32f4xx_tim.h

   * Component: Keil::Device:StdPeriph Drivers:USART:1.3.0
      Source file:   Device\StdPeriph_Driver\src\stm32f4xx_usart.c
      Include file:  Device\StdPeriph_Driver\inc\stm32f4xx_usart.h

   * Component: Keil::Device:StdPeriph Drivers:GPIO:1.3.0
      Source file:   Device\StdPeriph_Driver\src\stm32f4xx_gpio.c
      Include file:  Device\StdPeriph_Driver\inc\stm32f4xx_gpio.h

   * Component: Keil::Device:StdPeriph Drivers:FSMC:1.3.0
      Source file:   Device\StdPeriph_Driver\src\stm32f4xx_fsmc.c
      Include file:  Device\StdPeriph_Driver\inc\stm32f4xx_fsmc.h
</pre>
</body>
</html>
