<html>
<body>
<pre>
<h1>µVision Build Log</h1>
<h2>Tool Versions:</h2>
IDE-Version: ÂµVision V5.14.0.0
Copyright (C) 2015 ARM Ltd and ARM Germany GmbH. All rights reserved.
License Information: Jim TSUi, 123, LIC=EXJWF-6N2FQ-TGS7T-RK0RT-J0CQF-IWNI7
 
Tool Versions:
Toolchain:       MDK-ARM Standard  Version: 5.14.0.0
Toolchain Path:  C:\Keil_v5\ARM\ARMCC\Bin
C Compiler:      Armcc.exe V5.05 update 1 (build 106)
Assembler:       Armasm.exe V5.05 update 1 (build 106)
Linker/Locator:  ArmLink.exe V5.05 update 1 (build 106)
Library Manager: ArmAr.exe V5.05 update 1 (build 106)
Hex Converter:   FromElf.exe V5.05 update 1 (build 106)
CPU DLL:         SARMCM3.DLL V5.14.0.0
Dialog DLL:      DCM.DLL V1.13.1.0
Target DLL:      Segger\JL2CM3.dll V2.99.13.0
Dialog DLL:      TCM.DLL V1.14.4.0
 
<h2>Project:</h2>
c:\Users\TSUi\Documents\YueQian\lib\STM32\LVGL\lvgl-9.5.0\main.uvprojx
Project File Date:  03/12/2026

<h2>Output:</h2>
Build target 'Target 1'
compiling lv_port_disp.c...
examples\porting\lv_port_disp.c(63): warning:  #223-D: function "lcd_init" declared implicitly
      lcd_init();
examples\porting\lv_port_disp.c(128): warning:  #223-D: function "lcd_draw_point" declared implicitly
                  lcd_draw_point(phys_x, phys_y, *color_p);
examples\porting\lv_port_disp.c(30): warning:  #177-D: function "disp_init" was declared but never referenced
  static void disp_init(void);
examples\porting\lv_port_disp.c: 3 warnings, 0 errors
linking...
Program Size: Code=251132 RO-data=20224 RW-data=308 ZI-data=86916  
".\Objects\main.axf" - 0 Error(s), 3 Warning(s).

<h2>Software Packages used:</h2>

Package Vendor: ARM
                http://www.keil.com/pack/ARM.CMSIS.4.2.0.pack
                ARM::CMSIS:CORE:3.40.0
                CMSIS (Cortex Microcontroller Software Interface Standard)
   * Component: CORE Version: 3.40.0

Package Vendor: Keil
                http://www.keil.com/pack/Keil.STM32F4xx_DFP.1.0.8.pack
                Keil::Device:StdPeriph Drivers:ADC:1.3.0
                STMicroelectronics STM32F4 Series Device Support, Drivers and Examples
   * Component: ADC Version: 1.3.0
   * Component: Startup Version: 1.3.1
   * Component: Framework Version: 1.3.1
   * Component: TIM Version: 1.3.0
   * Component: GPIO Version: 1.3.0
   * Component: RCC Version: 1.3.0
   * Component: FSMC Version: 1.3.0
   * Component: USART Version: 1.3.0

<h2>Collection of Component include folders:</h2>
  c:\Users\TSUi\Documents\YueQian\lib\STM32\LVGL\lvgl-9.5.0\RTE
  c:\Users\TSUi\Documents\YueQian\lib\STM32\LVGL\lvgl-9.5.0\RTE\Device\STM32F407ZE
  C:\Keil_v5\ARM\PACK\ARM\CMSIS\4.2.0\CMSIS\Include
  C:\Keil_v5\ARM\PACK\Keil\STM32F4xx_DFP\1.0.8\Device\Include
  C:\Keil_v5\ARM\PACK\Keil\STM32F4xx_DFP\1.0.8\Device\StdPeriph_Driver\inc

<h2>Collection of Component Files used:</h2>

   * Component: ARM::CMSIS:CORE:3.40.0
      Source file:   CMSIS\UserCodeTemplates\ARM\ITM_Retarget.c

   * Component: Keil::Device:StdPeriph Drivers:ADC:1.3.0
      Source file:   Device\StdPeriph_Driver\src\stm32f4xx_adc.c
      Include file:  Device\StdPeriph_Driver\inc\stm32f4xx_adc.h

   * Component: Keil::Device:Startup:1.3.1
      Include file:  RTE_Driver\Config\RTE_Device.h
      Source file:   Device\Source\ARM\STM32F40xxx_41xxx_OPT.s
      Source file:   Device\Source\system_stm32f4xx.c
      Include file:  Device\Include\stm32f4xx.h
      Source file:   Device\Source\ARM\STM32F4xx_OTP.s
      Source file:   Device\Source\ARM\startup_stm32f40_41xxx.s

   * Component: Keil::Device:StdPeriph Drivers:Framework:1.3.1
      Include file:  Device\StdPeriph_Driver\templates\stm32f4xx_it.h
      Source file:   Device\StdPeriph_Driver\templates\stm32f4xx_it.c
      Source file:   Device\StdPeriph_Driver\src\misc.c
      Source file:   Device\StdPeriph_Driver\templates\stm32f4xx_conf.h

   * Component: Keil::Device:StdPeriph Drivers:TIM:1.3.0
      Include file:  Device\StdPeriph_Driver\inc\stm32f4xx_tim.h
      Source file:   Device\StdPeriph_Driver\src\stm32f4xx_tim.c

   * Component: Keil::Device:StdPeriph Drivers:GPIO:1.3.0
      Include file:  Device\StdPeriph_Driver\inc\stm32f4xx_gpio.h
      Source file:   Device\StdPeriph_Driver\src\stm32f4xx_gpio.c

   * Component: Keil::Device:StdPeriph Drivers:RCC:1.3.0
      Include file:  Device\StdPeriph_Driver\inc\stm32f4xx_rcc.h
      Source file:   Device\StdPeriph_Driver\src\stm32f4xx_rcc.c

   * Component: Keil::Device:StdPeriph Drivers:FSMC:1.3.0
      Include file:  Device\StdPeriph_Driver\inc\stm32f4xx_fsmc.h
      Source file:   Device\StdPeriph_Driver\src\stm32f4xx_fsmc.c

   * Component: Keil::Device:StdPeriph Drivers:USART:1.3.0
      Include file:  Device\StdPeriph_Driver\inc\stm32f4xx_usart.h
      Source file:   Device\StdPeriph_Driver\src\stm32f4xx_usart.c
</pre>
</body>
</html>
